[ap.greenwich.edu.vn/Phuhuynh/Login.html]
[backblue.gif]
[fade.gif]
[index.html]
[ap.greenwich.edu.vn/Phuhuynh/Login.html]
[ap.greenwich.edu.vn/JavaScript/jquery_002.js]
[ap.greenwich.edu.vn/JavaScript/jquery_003.js]
[ap.greenwich.edu.vn/JavaScript/jquery-ui.js]
[ap.greenwich.edu.vn/JavaScript/jquery.js]
[ap.greenwich.edu.vn/JavaScript/jquery.alerts.js]
[ap.greenwich.edu.vn/FGW_logo_d.jpg]
[ap.greenwich.edu.vn/JavaScript/jquery.alerts.css]
[ap.greenwich.edu.vn/fu.css]
[ap.greenwich.edu.vn/JavaScript/jquery.css]
[ap.greenwich.edu.vn/Content/bootstrap.css]
[ap.greenwich.edu.vn/images/logo.png]
[ap.greenwich.edu.vn/Content/bootstrap.min.css]
[ap.greenwich.edu.vn/images/sprite.png]
[ap.greenwich.edu.vn/images/olympic_rings.png]
[ap.greenwich.edu.vn/images/gauge.png]
[ap.greenwich.edu.vn/images/triangle_top.png]
[ap.greenwich.edu.vn/Content/bootstrap-theme.min.css]
[ap.greenwich.edu.vn/images/medals.png]
[ap.greenwich.edu.vn/images/sprite_radcontrols.png]
[ap.greenwich.edu.vn/images/dockPortalClose.gif]
[ap.greenwich.edu.vn/JavaScript/images/title.html]
[ap.greenwich.edu.vn/JavaScript/images/info.html]
[ap.greenwich.edu.vn/JavaScript/images/important.html]
[ap.greenwich.edu.vn/JavaScript/images/help.html]
[ap.greenwich.edu.vn/images/dockPortalCollapse.gif]
[ap.greenwich.edu.vn/images/dockPortalExpand.gif]
